123-1.lean:31:18: error: don't know how to synthesize placeholder
context:
G : Type,
_inst_1 : has_mul G,
V : Type,
g : G,
v : V
‚ä¢ Ring
